2025-02-04 18:06:10 - 文件 output_path.txt 未找到
2025-02-04 18:07:18 - 文件 output_path.txt 未找到
2025-02-04 18:12:15 - 文件 output_path.txt 未找到
